// Jest Snapshot v1, https://goo.gl/fbAQLP

exports[`Pruebas en <PrimeraApp /> #01 - Debe de mostrar <PrimeraApp /> correctamente 1`] = `
<Fragment>
  <h1>
    Hola, soy Goku
  </h1>
  <p>
    Soy un subtitulo
  </p>
  <pre>
    {
   "nombre": "Airton",
   "edad": 26
}
  </pre>
</Fragment>
`;
